// Jest Snapshot v1, https://goo.gl/fbAQLP

exports[`.not.toMatchArray fails when array contents match 1`] = `
"<dim>expect(</><red>received</><dim>).not.toMatchArray(</><green>expected</><dim>)</>

Expected list to not exactly match the members of:
  <green>[1]</>
Received:
  <red>[1]</>"
`;

exports[`.toMatchArray fails when the arrays are not equal in length 1`] = `
"<dim>expect(</><red>received</><dim>).toMatchArray(</><green>expected</><dim>)</>

Expected list to have the following members and no more:
  <green>[1]</>
Received:
  <red>[1, 2]</>"
`;
